begin;
  set local search_path = '';
  set local pgrst.db_schemas = 'public';
  -- 0 issues
  select * from lint."0010_security_definer_view";
 name | title | level | facing | categories | description | detail | remediation | metadata | cache_key 
------+-------+-------+--------+------------+-------------+--------+-------------+----------+-----------
(0 rows)

  create view public.my_view as select 1;
  -- 1 issue
  select * from lint."0010_security_definer_view";
         name          |         title         | level |  facing  | categories |                                                                                             description                                                                                             |                                detail                                 |                                        remediation                                        |                        metadata                         |              cache_key               
-----------------------+-----------------------+-------+----------+------------+-----------------------------------------------------------------------------------------------------------------------------------------------------------------------------------------------------+-----------------------------------------------------------------------+-------------------------------------------------------------------------------------------+---------------------------------------------------------+--------------------------------------
 security_definer_view | Security Definer View | ERROR | EXTERNAL | {SECURITY} | Detects views defined with the SECURITY DEFINER property. These views enforce Postgres permissions and row level security policies (RLS) of the view creator, rather than that of the querying user | View \`public.my_view\` is defined with the SECURITY DEFINER property | https://supabase.com/docs/guides/database/database-linter?lint=0010_security_definer_view | {"name": "my_view", "type": "view", "schema": "public"} | security_definer_view_public_my_view
(1 row)

  -- Apply security_invoker
  create or replace view public.my_view with (security_invoker=on) as select 1;
  -- 0 issues
  select * from lint."0010_security_definer_view";
 name | title | level | facing | categories | description | detail | remediation | metadata | cache_key 
------+-------+-------+--------+------------+-------------+--------+-------------+----------+-----------
(0 rows)

rollback;
